../Core/Src/main.c:147:14:AC_LUT_Lookup	32	static
../Core/Src/main.c:173:20:Signal_ProcessingTasks_FromISR	24	static,ignoring_inline_asm
../Core/Src/main.c:182:6:HAL_ADC_ConvHalfCpltCallback	16	static
../Core/Src/main.c:188:6:HAL_ADC_ConvCpltCallback	16	static
../Core/Src/main.c:195:5:main	8	static
../Core/Src/main.c:224:6:StartDefaultTask	16	static
../Core/Src/main.c:234:6:StartTask_ProcessDC	40	static
../Core/Src/main.c:270:6:StartTask_ProcessAC	48	static
../Core/Src/main.c:314:6:StartTask_Telemetry	120	static
../Core/Src/main.c:339:6:SystemClock_Config	88	static
../Core/Src/main.c:370:13:MX_ADC1_Init	24	static
../Core/Src/main.c:398:13:MX_TIM5_Init	64	static
../Core/Src/main.c:427:13:MX_USART2_UART_Init	8	static
../Core/Src/main.c:440:13:MX_DMA_Init	16	static
../Core/Src/main.c:447:13:MX_GPIO_Init	16	static
../Core/Src/main.c:452:6:HAL_TIM_PeriodElapsedCallback	16	static
../Core/Src/main.c:457:6:Error_Handler	4	static,ignoring_inline_asm
